// Jest Snapshot v1, https://goo.gl/fbAQLP

exports[`pixiDraw initializeEngine should mount canvas with pixi and create div with default id 1`] = `"<div id=\\"canvas-engine\\"><canvas width=\\"100\\" height=\\"100\\"></canvas></div>"`;

exports[`pixiDraw initializeEngine should mount canvas with pixi and create div with id passed as param 1`] = `"<div id=\\"containerId\\"><canvas width=\\"100\\" height=\\"100\\"></canvas></div>"`;

exports[`pixiDraw initializeEngine should not create new container when it already exists 1`] = `"<div id=\\"containerId\\"><canvas width=\\"100\\" height=\\"100\\"></canvas></div>"`;
